// Jest Snapshot v1, https://goo.gl/fbAQLP

exports[`App renders without crashing 1`] = `
<div
  className="App"
>
  <nav
    className="navbar navbar-default navbar-fixed-top"
  >
    <div
      className="container-fluid"
    >
      <a
        className="navbar-brand"
        href="/"
      >
        Recipeas
      </a>
      <ul
        className="nav navbar-nav"
      >
        <li>
          <a
            href="https://github.com/phuchle/recipeas"
          >
            Source Code
          </a>
        </li>
      </ul>
    </div>
  </nav>
  <div
    className="container"
  >
    <h1>
      Recipes
    </h1>
    <ul>
      <li
        className="list-group-item"
      >
        <div
          className="recipe-container"
        >
          <h4>
            Pumpkin Pie
          </h4>
          <ul>
            <li
              className="list-group-item"
            >
              Pumpkin Puree
            </li>
            <li
              className="list-group-item"
            >
               Sweetened Condensed Milk
            </li>
            <li
              className="list-group-item"
            >
               Eggs
            </li>
            <li
              className="list-group-item"
            >
               Pumpkin Pie Spice
            </li>
            <li
              className="list-group-item"
            >
               Pie Crust
            </li>
          </ul>
          <button
            className="btn btn-danger"
            onClick={[Function]}
          >
            Delete
          </button>
        </div>
      </li>
      <li
        className="list-group-item"
      >
        <div
          className="recipe-container"
        >
          <h4>
            Spaghetti
          </h4>
          <ul>
            <li
              className="list-group-item"
            >
              Noodles
            </li>
            <li
              className="list-group-item"
            >
               Pasta Sauce
            </li>
            <li
              className="list-group-item"
            >
               Meatballs
            </li>
          </ul>
          <button
            className="btn btn-danger"
            onClick={[Function]}
          >
            Delete
          </button>
        </div>
      </li>
      <li
        className="list-group-item"
      >
        <div
          className="recipe-container"
        >
          <h4>
            Peanut Butter Mug Cake
          </h4>
          <ul>
            <li
              className="list-group-item"
            >
              Peanut Butter
            </li>
            <li
              className="list-group-item"
            >
               Eggs
            </li>
            <li
              className="list-group-item"
            >
               Baking Powder
            </li>
            <li
              className="list-group-item"
            >
               Sugar
            </li>
          </ul>
          <button
            className="btn btn-danger"
            onClick={[Function]}
          >
            Delete
          </button>
        </div>
      </li>
    </ul>
    <button
      className="btn btn-primary"
      onClick={[Function]}
    >
      Add Recipe
    </button>
    <div
      id="myModal"
      onClick={[Function]}
      style={
        Object {
          "display": "none",
        }
      }
    >
      <form
        className="myModal-content container"
      >
        <h4
          className="myModal-header"
        >
          Add a Recipe
        </h4>
        <div
          className="form-group"
        >
          <label>
            Recipe
          </label>
          <input
            className="form-control"
            onChange={[Function]}
            placeholder="Enter a Title"
            type="text"
            value=""
          />
        </div>
        <div
          className="form-group"
        >
          <label>
            Ingredients
          </label>
          <input
            className="form-control"
            onChange={[Function]}
            placeholder="Enter ingredients, separated, by, commas"
            type="text"
            value=""
          />
        </div>
        <div
          className="pull-right"
        >
          <button
            className="btn btn-primary submit-recipe"
            onClick={[Function]}
          >
            Add Recipe
          </button>
          <button
            className="btn btn-default close-modal"
            onClick={[Function]}
          >
            Close
          </button>
        </div>
      </form>
    </div>
  </div>
</div>
`;
