// Jest Snapshot v1, https://goo.gl/fbAQLP

exports[`App renders without crashing 1`] = `
<div
  className="App"
>
  <nav
    className="navbar navbar-default navbar-fixed-top"
  >
    <div
      className="container-fluid"
    >
      <a
        className="navbar-brand"
        href="/"
      >
        Recipeas
      </a>
      <ul
        className="nav navbar-nav"
      >
        <li>
          <a
            href="https://github.com/phuchle/recipeas"
          >
            Source Code
          </a>
        </li>
      </ul>
    </div>
  </nav>
  <div
    className="container"
  >
    <h1>
      Recipes
    </h1>
    <ul
      className="list-group"
    >
      <li
        className="list-group-item"
      >
        <div
          className="recipe-container"
        >
          <h4
            className="recipe-title"
            onClick={[Function]}
          >
            Pumpkin Pie
          </h4>
          <div
            aria-expanded={null}
            className="collapse"
          >
             
            <div
              className="well"
            >
              <ul>
                <span
                  className="list-group-item"
                >
                  Pumpkin Puree
                </span>
                <span
                  className="list-group-item"
                >
                   Sweetened Condensed Milk
                </span>
                <span
                  className="list-group-item"
                >
                   Eggs
                </span>
                <span
                  className="list-group-item"
                >
                   Pumpkin Pie Spice
                </span>
                <span
                  className="list-group-item"
                >
                   Pie Crust
                </span>
              </ul>
              <button
                className="edit-recipe btn btn-default"
                disabled={false}
                onClick={[Function]}
                type="button"
              >
                Edit
              </button>
              <button
                className="delete-recipe btn btn-danger"
                disabled={false}
                onClick={[Function]}
                type="button"
              >
                Delete
              </button>
            </div>
          </div>
        </div>
      </li>
      <li
        className="list-group-item"
      >
        <div
          className="recipe-container"
        >
          <h4
            className="recipe-title"
            onClick={[Function]}
          >
            Spaghetti
          </h4>
          <div
            aria-expanded={null}
            className="collapse"
          >
             
            <div
              className="well"
            >
              <ul>
                <span
                  className="list-group-item"
                >
                  Noodles
                </span>
                <span
                  className="list-group-item"
                >
                   Pasta Sauce
                </span>
                <span
                  className="list-group-item"
                >
                   Meatballs
                </span>
              </ul>
              <button
                className="edit-recipe btn btn-default"
                disabled={false}
                onClick={[Function]}
                type="button"
              >
                Edit
              </button>
              <button
                className="delete-recipe btn btn-danger"
                disabled={false}
                onClick={[Function]}
                type="button"
              >
                Delete
              </button>
            </div>
          </div>
        </div>
      </li>
      <li
        className="list-group-item"
      >
        <div
          className="recipe-container"
        >
          <h4
            className="recipe-title"
            onClick={[Function]}
          >
            Peanut Butter Mug Cake
          </h4>
          <div
            aria-expanded={null}
            className="collapse"
          >
             
            <div
              className="well"
            >
              <ul>
                <span
                  className="list-group-item"
                >
                  Peanut Butter
                </span>
                <span
                  className="list-group-item"
                >
                   Eggs
                </span>
                <span
                  className="list-group-item"
                >
                   Baking Powder
                </span>
                <span
                  className="list-group-item"
                >
                   Sugar
                </span>
              </ul>
              <button
                className="edit-recipe btn btn-default"
                disabled={false}
                onClick={[Function]}
                type="button"
              >
                Edit
              </button>
              <button
                className="delete-recipe btn btn-danger"
                disabled={false}
                onClick={[Function]}
                type="button"
              >
                Delete
              </button>
            </div>
          </div>
        </div>
      </li>
    </ul>
    <button
      className="btn btn-primary"
      disabled={false}
      onClick={[Function]}
      type="button"
    >
      Add Recipe
    </button>
  </div>
</div>
`;
